10:00:38 **** Clean-only build of configuration Debug for project IDE_CapXungClock_Nhom2 ****
make -j12 clean 
rm -rf ./Startup/startup_stm32f401retx.d ./Startup/startup_stm32f401retx.o
rm -rf ./Src/BAI1.cyclo ./Src/BAI1.d ./Src/BAI1.o ./Src/BAI1.su ./Src/syscalls.cyclo ./Src/syscalls.d ./Src/syscalls.o ./Src/syscalls.su ./Src/sysmem.cyclo ./Src/sysmem.d ./Src/sysmem.o ./Src/sysmem.su
rm -rf IDE_CapXungClock_Nhom2.elf IDE_CapXungClock_Nhom2.list IDE_CapXungClock_Nhom2.map default.size.stdout
 
10:00:38 **** Build of configuration Debug for project IDE_CapXungClock_Nhom2 ****
make -j12 all 
arm-none-eabi-gcc -mcpu=cortex-m4 -g3 -DDEBUG -c -x assembler-with-cpp -MMD -MP -MF"Startup/startup_stm32f401retx.d" -MT"Startup/startup_stm32f401retx.o" --specs=nano.specs -mfpu=fpv4-sp-d16 -mfloat-abi=hard -mthumb -o "Startup/startup_stm32f401retx.o" "../Startup/startup_stm32f401retx.s"
arm-none-eabi-gcc "../Src/BAI2.c" -mcpu=cortex-m4 -std=gnu11 -g3 -DDEBUG -DNUCLEO_F401RE -DSTM32 -DSTM32F401RETx -DSTM32F4 -c -I../Inc -O0 -ffunction-sections -fdata-sections -Wall -fstack-usage -fcyclomatic-complexity -MMD -MP -MF"Src/BAI2.d" -MT"Src/BAI2.o" --specs=nano.specs -mfpu=fpv4-sp-d16 -mfloat-abi=hard -mthumb -o "Src/BAI2.o"
arm-none-eabi-gcc "../Src/syscalls.c" -mcpu=cortex-m4 -std=gnu11 -g3 -DDEBUG -DNUCLEO_F401RE -DSTM32 -DSTM32F401RETx -DSTM32F4 -c -I../Inc -O0 -ffunction-sections -fdata-sections -Wall -fstack-usage -fcyclomatic-complexity -MMD -MP -MF"Src/syscalls.d" -MT"Src/syscalls.o" --specs=nano.specs -mfpu=fpv4-sp-d16 -mfloat-abi=hard -mthumb -o "Src/syscalls.o"
arm-none-eabi-gcc "../Src/sysmem.c" -mcpu=cortex-m4 -std=gnu11 -g3 -DDEBUG -DNUCLEO_F401RE -DSTM32 -DSTM32F401RETx -DSTM32F4 -c -I../Inc -O0 -ffunction-sections -fdata-sections -Wall -fstack-usage -fcyclomatic-complexity -MMD -MP -MF"Src/sysmem.d" -MT"Src/sysmem.o" --specs=nano.specs -mfpu=fpv4-sp-d16 -mfloat-abi=hard -mthumb -o "Src/sysmem.o"
arm-none-eabi-gcc -o "IDE_CapXungClock_Nhom2.elf" @"objects.list"   -mcpu=cortex-m4 -T"H:\TTCS\BUOI2NHOM2\IDE_CapXungClock_Nhom2\STM32F401RETX_FLASH.ld" --specs=nosys.specs -Wl,-Map="IDE_CapXungClock_Nhom2.map" -Wl,--gc-sections -static --specs=nano.specs -mfpu=fpv4-sp-d16 -mfloat-abi=hard -mthumb -Wl,--start-group -lc -lm -Wl,--end-group
Finished building target: IDE_CapXungClock_Nhom2.elf
 
arm-none-eabi-size  IDE_CapXungClock_Nhom2.elf 
arm-none-eabi-objdump -h -S IDE_CapXungClock_Nhom2.elf  > "IDE_CapXungClock_Nhom2.list"
   text	   data	    bss	    dec	    hex	filename
    828	      0	   1568	   2396	    95c	IDE_CapXungClock_Nhom2.elf
Finished building: default.size.stdout
 
Finished building: IDE_CapXungClock_Nhom2.list
 
10:00:55 **** Incremental Build of configuration Debug for project IDE_CapXungClock_Nhom2 ****
make -j12 all 
arm-none-eabi-size  IDE_CapXungClock_Nhom2.elf 
   text	   data	    bss	    dec	    hex	filename
    828	      0	   1568	   2396	    95c	IDE_CapXungClock_Nhom2.elf
Finished building: default.size.stdout
 
